---
source: src/ui/tests.rs
expression: output
---
"┌Mathypad──────────────────────────────────────────────────────────────────────────────────────┐┌Results───────────────┐"
"│   1 123                                                                                      ││   1                  │"
"│   2 3.14159                                                                                  ││   2                  │"
"│   3 1,234,567.89                                                                             ││   3                  │"
"│                                                                                              ││                      │"
"│                                                                                              ││                      │"
"│                                                                                              ││                      │"
"│                                                                                              ││                      │"
"│                                                                                              ││                      │"
"│                                                                                              ││                      │"
"│                                                                                              ││                      │"
"│                                                                                              ││                      │"
"│                                                                                              ││                      │"
"│                                                                                              ││                      │"
"│                                                                                              ││                      │"
"│                                                                                              ││                      │"
"│                                                                                              ││                      │"
"│                                                                                              ││                      │"
"│                                                                                              ││                      │"
"│                                                                                              ││                      │"
"│                                                                                              ││                      │"
"│                                                                                              ││                      │"
"│                                                                                              ││                      │"
"│                                                                                              ││                      │"
"│                                                                                              ││                      │"
"│                                                                                              ││                      │"
"│                                                                                              ││                      │"
"│                                                                                              ││                      │"
"│                                                                                              ││                      │"
"└──────────────────────────────────────────────────────────────────────────────────────────────┘└──────────────────────┘"
