---
source: src/ui/tests.rs
expression: output
---
"┌Mathypad──────────────────────────────────────────────────────────────────────────────────────┐┌Results───────────────┐"
"│   1                                                                                          ││   1                  │"
"│                                                                                              ││                      │"
"│                                                                                              ││                      │"
"│                                                                                              ││                      │"
"│                                                                                              ││                      │"
"│                                                                                              ││                      │"
"│                                                                                              ││                      │"
"│                                                                                              ││                      │"
"│                                                                                              ││                      │"
"│                                                                                              ││                      │"
"│                                                                                              ││                      │"
"│                                                                                              ││                      │"
"│                                                                                              ││                      │"
"│                                                                                              ││                      │"
"│                                                                                              ││                      │"
"│                                                                                              ││                      │"
"│                                                                                              ││                      │"
"│                                                                                              ││                      │"
"│                                                                                              ││                      │"
"│                                                                                              ││                      │"
"│                                                                                              ││                      │"
"│                                                                                              ││                      │"
"│                                                                                              ││                      │"
"│                                                                                              ││                      │"
"│                                                                                              ││                      │"
"│                                                                                              ││                      │"
"│                                                                                              ││                      │"
"│                                                                                              ││                      │"
"└──────────────────────────────────────────────────────────────────────────────────────────────┘└──────────────────────┘"
