---
source: src/ui/tests.rs
expression: output
---
"┌Mathypad──────────────────────────────────────────────────────────────────────────────────────┐┌Results───────────────┐"
"│   1                                                                                          ││   1                  │"
"│   2 invalid expression +++                                                                   ││   2                  │"
"│   3                                                                                          ││   3                  │"
"│                                                                                              ││                      │"
"│                                                                                              ││                      │"
"│                                                                                              ││                      │"
"│                                                                                              ││                      │"
"│                                                                                              ││                      │"
"│                                                                                              ││                      │"
"│                                                                                              ││                      │"
"│                                                                                              ││                      │"
"│                                                                                              ││                      │"
"│                                                                                              ││                      │"
"│                                                                                              ││                      │"
"│                                                                                              ││                      │"
"│                                                                                              ││                      │"
"│                                                                                              ││                      │"
"│                                                                                              ││                      │"
"│                                                                                              ││                      │"
"│                                                                                              ││                      │"
"│                                                                                              ││                      │"
"│                                                                                              ││                      │"
"│                                                                                              ││                      │"
"│                                                                                              ││                      │"
"│                                                                                              ││                      │"
"│                                                                                              ││                      │"
"│                                                                                              ││                      │"
"│                                                                                              ││                      │"
"└──────────────────────────────────────────────────────────────────────────────────────────────┘└──────────────────────┘"
