---
source: src/ui/tests.rs
expression: output
---
"┌Mathypad──────────────────────────────────────────────────────────────────────────────────────┐┌Results───────────────┐"
"│   1 sqrt(16) + 1                                                                             ││   1                  │"
"│   2 2^3 + sqrt(9)                                                                            ││   2                  │"
"│   3 sqrt(2 + 2) * 3                                                                          ││   3                  │"
"│                                                                                              ││                      │"
"│                                                                                              ││                      │"
"│                                                                                              ││                      │"
"│                                                                                              ││                      │"
"│                                                                                              ││                      │"
"│                                                                                              ││                      │"
"│                                                                                              ││                      │"
"│                                                                                              ││                      │"
"│                                                                                              ││                      │"
"│                                                                                              ││                      │"
"│                                                                                              ││                      │"
"│                                                                                              ││                      │"
"│                                                                                              ││                      │"
"│                                                                                              ││                      │"
"│                                                                                              ││                      │"
"│                                                                                              ││                      │"
"│                                                                                              ││                      │"
"│                                                                                              ││                      │"
"│                                                                                              ││                      │"
"│                                                                                              ││                      │"
"│                                                                                              ││                      │"
"│                                                                                              ││                      │"
"│                                                                                              ││                      │"
"│                                                                                              ││                      │"
"│                                                                                              ││                      │"
"└──────────────────────────────────────────────────────────────────────────────────────────────┘└──────────────────────┘"
